[2025-05-29 12:59:13] [INFO] Sistema de logging inicializado
[2025-05-29 12:59:13] [INFO] ===== INICIANDO SERVIDOR DE CINE =====
[2025-05-29 12:59:13] [CRITICAL] Error inicializando base de datos en data/cine.db
[2025-05-29 13:03:08] [INFO] Sistema de logging inicializado
[2025-05-29 13:03:08] [INFO] ===== INICIANDO SERVIDOR DE CINE =====
[2025-05-29 13:03:08] [CRITICAL] Error inicializando base de datos en data/cine.db
[2025-05-29 13:05:33] [INFO] Sistema de logging inicializado
[2025-05-29 13:05:33] [INFO] ===== INICIANDO SERVIDOR DE CINE =====
[2025-05-29 13:05:33] [INFO] Inicializando datos de prueba...
[2025-05-29 13:05:33] [INFO] Creando usuarios de prueba...
[2025-05-29 13:05:33] [ERROR] Error al crear usuario
[2025-05-29 13:05:33] [WARNING] El administrador ya existe o no se pudo crear
[2025-05-29 13:05:33] [ERROR] Error al crear usuario
[2025-05-29 13:05:33] [ERROR] No se pudo crear cliente1
[2025-05-29 13:05:33] [WARNING] No se pudieron inicializar datos de prueba
[2025-05-29 13:05:33] [INFO] Sistema inicializado correctamente
[2025-05-29 13:05:33] [INFO] Servidor escuchando en puerto 5000
[2025-05-29 13:06:28] [INFO] Cliente conectado desde 127.0.0.1
[2025-05-29 13:07:50] [WARNING] Intento de autenticación fallido: contraseña incorrecta para el usuario cliente@cine.com
[2025-05-29 13:07:50] [WARNING] Intento de inicio de sesión fallido para el usuario: cliente@cine.com
[2025-05-29 13:07:50] [WARNING] Intento de login fallido para cliente@cine.com
[2025-05-29 13:29:16] [INFO] Sistema de logging inicializado
[2025-05-29 13:29:16] [INFO] ===== INICIANDO SERVIDOR DE CINE =====
[2025-05-29 13:29:16] [INFO] Inicializando datos de prueba...
[2025-05-29 13:29:16] [INFO] Creando usuarios de prueba...
[2025-05-29 13:29:16] [ERROR] Error al crear usuario
[2025-05-29 13:29:16] [WARNING] El administrador ya existe o no se pudo crear
[2025-05-29 13:29:16] [INFO] Usuario creado con ID: 2
[2025-05-29 13:29:16] [INFO] Usuario creado con ID: 3
[2025-05-29 13:29:16] [INFO] Usuario creado con ID: 4
[2025-05-29 13:29:16] [INFO] Usuarios de prueba creados correctamente
[2025-05-29 13:29:16] [INFO] Creando películas de prueba...
[2025-05-29 13:29:16] [INFO] Película creada con ID: 1
[2025-05-29 13:29:16] [INFO] Película creada con ID: 2
[2025-05-29 13:29:16] [INFO] Película creada con ID: 3
[2025-05-29 13:29:16] [INFO] Película creada con ID: 4
[2025-05-29 13:29:16] [INFO] Película creada con ID: 5
[2025-05-29 13:29:16] [INFO] Películas de prueba creadas correctamente
[2025-05-29 13:29:16] [INFO] Creando salas de prueba...
[2025-05-29 13:29:16] [INFO] Sala creada con ID: 1
[2025-05-29 13:29:16] [INFO] Se crearon 50 asientos para la sala 1
[2025-05-29 13:29:16] [INFO] Sala creada con ID: 2
[2025-05-29 13:29:16] [INFO] Se crearon 80 asientos para la sala 2
[2025-05-29 13:29:16] [INFO] Sala creada con ID: 3
[2025-05-29 13:29:16] [INFO] Se crearon 120 asientos para la sala 3
[2025-05-29 13:29:16] [INFO] Salas de prueba creadas correctamente
[2025-05-29 13:29:16] [INFO] Creando sesiones de prueba...
[2025-05-29 13:29:16] [INFO] Sesión creada con ID: 1
[2025-05-29 13:29:16] [INFO] Sesión creada con ID: 2
[2025-05-29 13:29:16] [INFO] Sesión creada con ID: 3
[2025-05-29 13:29:16] [INFO] Sesión creada con ID: 4
[2025-05-29 13:29:16] [ERROR] La sala no está disponible en el horario especificado
[2025-05-29 13:29:16] [ERROR] No se pudo crear sesion5
[2025-05-29 13:29:16] [WARNING] No se pudieron inicializar datos de prueba
[2025-05-29 13:29:16] [INFO] Sistema inicializado correctamente
[2025-05-29 13:29:16] [INFO] Servidor escuchando en puerto 5000
[2025-05-29 13:29:23] [INFO] Cliente conectado desde 127.0.0.1
[2025-05-29 13:29:55] [INFO] Usuario autenticado: admin@cinegestion.com
[2025-05-29 13:29:55] [INFO] Inicio de sesión exitoso para el usuario: admin@cinegestion.com
[2025-05-29 13:29:55] [INFO] Usuario admin logueado correctamente
